// Jest Snapshot v1, https://goo.gl/fbAQLP

exports[`ReleaseInfoCard should match snapshot 1`] = `
<DocumentFragment>
  <div
    class="release-info-card text-center card"
  >
    <div
      class="card-header"
    >
      Release Info
    </div>
    <div
      class="card-body"
    >
      Mock child
    </div>
  </div>
</DocumentFragment>
`;
