// Jest Snapshot v1, https://goo.gl/fbAQLP

exports[`InfoInputGroup should match snapshot 1`] = `
<DocumentFragment>
  <div
    class="info-group row"
  >
    <div
      class="info-group__label col"
    >
      test label
    </div>
    <div
      class="info-group__info col"
    >
      <select
        as="select"
        class="form-select"
      >
        <option>
          Choose a branch
        </option>
        <option
          value="test_branch_3"
        >
          test_branch_3
        </option>
        <option
          value="test_branch_2"
        >
          test_branch_2
        </option>
        <option
          value="test_branch_1"
        >
          test_branch_1
        </option>
      </select>
    </div>
  </div>
</DocumentFragment>
`;
