// Jest Snapshot v1, https://goo.gl/fbAQLP

exports[`VersionTable should match snapshot 1`] = `
<DocumentFragment>
  <div
    class="table-wrapper"
  >
    <div
      class="table-wrapper__scroll"
    >
      <table
        class="version-table table table-sm table-bordered table-hover"
        data-testid="version-table"
      >
        <thead
          class="version-table__header"
        >
          <tr>
            <th>
              Date
            </th>
            <th>
              From
            </th>
            <th>
              To
            </th>
            <th>
              Excuted by
            </th>
          </tr>
        </thead>
        <tbody
          class="version-table__body"
          data-testid="version-table__body"
        >
          <tr
            class=""
            data-testid="table-row-0"
          >
            <td>
              11/03/2022
            </td>
            <td>
              v7.8.2
            </td>
            <td>
              v7.9.6
            </td>
            <td>
              @johnSmith
            </td>
          </tr>
          <tr
            class=""
            data-testid="table-row-1"
          >
            <td>
              09/05/2022
            </td>
            <td>
              v7.7.10
            </td>
            <td>
              v7.8.2
            </td>
            <td>
              @billy1234
            </td>
          </tr>
        </tbody>
      </table>
    </div>
  </div>
</DocumentFragment>
`;
