// Jest Snapshot v1, https://goo.gl/fbAQLP

exports[`HomePage should match snapshot 1`] = `
<DocumentFragment>
  <div
    class="col-md-5"
  >
    <div
      class="table-wrapper"
    >
      <div
        class="table-wrapper__scroll"
      >
        <table
          class="version-table table table-sm table-bordered table-hover"
          data-testid="version-table"
        >
          <thead
            class="version-table__header"
          >
            <tr>
              <th>
                Date
              </th>
              <th>
                From
              </th>
              <th>
                To
              </th>
              <th>
                Excuted by
              </th>
            </tr>
          </thead>
          <tbody>
            <tr>
              <td>
                1
              </td>
              <td>
                Mark
              </td>
              <td>
                Otto
              </td>
              <td>
                @mdo
              </td>
            </tr>
            <tr>
              <td>
                2
              </td>
              <td>
                Jacob
              </td>
              <td>
                Thornton
              </td>
              <td>
                @fat
              </td>
            </tr>
            <tr>
              <td>
                3
              </td>
              <td>
                3
              </td>
              <td>
                3
              </td>
              <td>
                @twitter
              </td>
            </tr>
            <tr>
              <td>
                1
              </td>
              <td>
                Mark
              </td>
              <td>
                Otto
              </td>
              <td>
                @mdo
              </td>
            </tr>
            <tr>
              <td>
                2
              </td>
              <td>
                Jacob
              </td>
              <td>
                Thornton
              </td>
              <td>
                @fat
              </td>
            </tr>
            <tr>
              <td>
                2
              </td>
              <td>
                Jacob
              </td>
              <td>
                Thornton
              </td>
              <td>
                @fat
              </td>
            </tr>
            <tr>
              <td>
                2
              </td>
              <td>
                Jacob
              </td>
              <td>
                Thornton
              </td>
              <td>
                @fat
              </td>
            </tr>
            <tr>
              <td>
                2
              </td>
              <td>
                Jacob
              </td>
              <td>
                Thornton
              </td>
              <td>
                @fat
              </td>
            </tr>
            <tr>
              <td>
                3
              </td>
              <td>
                3
              </td>
              <td>
                3
              </td>
              <td>
                @twitter
              </td>
            </tr>
            <tr>
              <td>
                1
              </td>
              <td>
                Mark
              </td>
              <td>
                Otto
              </td>
              <td>
                @mdo
              </td>
            </tr>
          </tbody>
        </table>
      </div>
    </div>
  </div>
</DocumentFragment>
`;
