// Jest Snapshot v1, https://goo.gl/fbAQLP

exports[`TestStatuses should match snapshot 1`] = `
<DocumentFragment>
  <div
    class="test-status-card text-center card"
  >
    <div
      class="card-header"
    >
      Test Status
    </div>
    <div
      class="card-body"
    >
      <div
        class="info-group row"
      >
        <div
          class="info-group__label col"
        >
          Unit test
        </div>
        <div
          class="info-group__info col"
        >
          <img
            alt="status badge"
            src="img.url"
          />
        </div>
      </div>
    </div>
  </div>
</DocumentFragment>
`;
